// Jest Snapshot v1, https://goo.gl/fbAQLP

exports[`Counter SNAPSHOT TEST 1`] = `
<section
  className="counter"
>
  <button
    className="down clicker"
    onClick={[Function]}
  >
    - negative
  </button>
  <span
    className="count "
  >
    0
  </span>
  <button
    className="up clicker"
    onClick={[Function]}
  >
    + positive
  </button>
</section>
`;
