// Jest Snapshot v1, https://goo.gl/fbAQLP

exports[`<Counter/> Core Component (Snapshot Test) renders right 1`] = `
<section
  className="counter"
>
  <a
    className="down clicker"
    href="button"
    onClick={[Function]}
  >
    - negative
  </a>
  <span
    className="count "
  >
    0
  </span>
  <a
    className="up clicker"
    href="button"
    onClick={[Function]}
  >
    + positive
  </a>
</section>
`;
